{
  "InsertSpaceAfterCommaDelimiter": false,
  "InsertSpaceAfterSemicolonInForStatements": false,
  "InsertSpaceBeforeAndAfterBinaryOperators": false,
  "InsertSpaceAfterKeywordsInControlFlowStatements": false,
  "InsertSpaceAfterFunctionKeywordForAnonymousFunctions": true,
  "InsertSpaceAfterOpeningAndBeforeClosingNonemptyParenthesis": true,
  "PlaceOpenBraceOnNewLineForFunctions": true,
  "PlaceOpenBraceOnNewLineForControlBlocks": true,
  "IndentSize": 8,
  "TabSize": 8,
  "NewLineCharacter": "/* \n */",
  "ConvertTabsToSpaces": false
}